[2022-09-03T07:22:34Z INFO  actix_server::builder] Starting 2 workers
[2022-09-03T07:22:34Z INFO  actix_server::server] Actix runtime found; starting in Actix runtime
[2022-09-03T07:22:35Z INFO  actix_web::middleware::logger] 127.0.0.1 "GET / HTTP/1.1" 404 0 "-" "-" 0.000279
[2022-09-03T07:22:35Z INFO  post_jobs_handler] Post jobs
[2022-09-03T07:22:35Z INFO  post_jobs_handler] job run success
[2022-09-03T07:22:35Z INFO  actix_web::middleware::logger] 127.0.0.1 "POST /jobs HTTP/1.1" 200 421 "-" "-" 0.299911
