[2022-09-03T05:07:59Z INFO  actix_server::builder] Starting 2 workers
[2022-09-03T05:07:59Z INFO  actix_server::server] Actix runtime found; starting in Actix runtime
[2022-09-03T05:08:00Z INFO  actix_web::middleware::logger] 127.0.0.1 "GET / HTTP/1.1" 404 0 "-" "-" 0.000274
[2022-09-03T05:08:00Z INFO  post_jobs_handler] Post jobs
[2022-09-03T05:08:02Z INFO  post_jobs_handler] job run success
[2022-09-03T05:08:02Z INFO  actix_web::middleware::logger] 127.0.0.1 "POST /jobs HTTP/1.1" 200 445 "-" "-" 2.259987
