{
  "id": 0,
  "created_time": "2022-09-03T04:02:02.522Z",
  "updated_time": "2022-09-03T04:02:02.522Z",
  "submission": {
    "source_code": "fn main() { println!(\"Hello World!\"); }",
    "language": "Rust",
    "user_id": 0,
    "contest_id": 0,
    "problem_id": 0
  },
  "state": "Finished",
  "result": "Accepted",
  "score": 100.0,
  "cases": [
    {
      "id": 0,
      "result": "Compilation Success",
      "time": 0,
      "memory": 0,
      "info": ""
    },
    {
      "id": 1,
      "result": "Accepted",
      "time": 0,
      "memory": 0,
      "info": ""
    }
  ]
}
