{
  "id": 0,
  "created_time": "2022-09-03T04:02:10.114Z",
  "updated_time": "2022-09-03T04:02:10.114Z",
  "submission": {
    "source_code": "fn main() { println!(\"Hello World!\"); loop {} }",
    "language": "Rust",
    "user_id": 0,
    "contest_id": 0,
    "problem_id": 0
  },
  "state": "Finished",
  "result": "Time Limit Exceeded",
  "score": 0.0,
  "cases": [
    {
      "id": 0,
      "result": "Compilation Success",
      "time": 0,
      "memory": 0,
      "info": ""
    },
    {
      "id": 1,
      "result": "Time Limit Exceeded",
      "time": 0,
      "memory": 0,
      "info": ""
    }
  ]
}
