[2022-09-03T04:02:06Z INFO  actix_server::builder] Starting 2 workers
[2022-09-03T04:02:06Z INFO  actix_server::server] Actix runtime found; starting in Actix runtime
[2022-09-03T04:02:07Z INFO  actix_web::middleware::logger] 127.0.0.1 "GET / HTTP/1.1" 404 0 "-" "-" 0.000295
[2022-09-03T04:02:07Z INFO  post_jobs_handler] Post jobs
[2022-09-03T04:02:08Z INFO  post_jobs_handler] job run success
[2022-09-03T04:02:08Z INFO  actix_web::middleware::logger] 127.0.0.1 "POST /jobs HTTP/1.1" 200 1186 "-" "-" 0.438120
