[2022-09-03T04:02:56Z INFO  actix_server::builder] Starting 2 workers
[2022-09-03T04:02:56Z INFO  actix_server::server] Actix runtime found; starting in Actix runtime
[2022-09-03T04:02:57Z INFO  actix_web::middleware::logger] 127.0.0.1 "GET / HTTP/1.1" 404 0 "-" "-" 0.000277
[2022-09-03T04:02:57Z INFO  post_jobs_handler] Post jobs
[2022-09-03T04:02:58Z INFO  post_jobs_handler] job run success
[2022-09-03T04:02:58Z INFO  actix_web::middleware::logger] 127.0.0.1 "POST /jobs HTTP/1.1" 200 417 "-" "-" 0.316637
[2022-09-03T04:02:58Z INFO  post_jobs_handler] Post jobs
[2022-09-03T04:02:58Z INFO  post_jobs_handler] job run success
[2022-09-03T04:02:58Z INFO  actix_web::middleware::logger] 127.0.0.1 "POST /jobs HTTP/1.1" 200 446 "-" "-" 0.553916
[2022-09-03T04:02:58Z INFO  post_jobs_handler] Post jobs
[2022-09-03T04:03:01Z INFO  post_jobs_handler] job run success
[2022-09-03T04:03:01Z INFO  actix_web::middleware::logger] 127.0.0.1 "POST /jobs HTTP/1.1" 200 460 "-" "-" 2.354161
