{
  "id": 0,
  "created_time": "2022-09-03T04:02:57.917Z",
  "updated_time": "2022-09-03T04:02:57.917Z",
  "submission": {
    "source_code": "fn main() { println!(\"Hello World!\"); }",
    "language": "Rust",
    "user_id": 0,
    "contest_id": 0,
    "problem_id": 0
  },
  "state": "Finished",
  "result": "Accepted",
  "score": 100.0,
  "cases": [
    {
      "id": 0,
      "result": "Compilation Success",
      "time": 0,
      "memory": 0,
      "info": ""
    },
    {
      "id": 1,
      "result": "Accepted",
      "time": 0,
      "memory": 0,
      "info": ""
    }
  ]
}
{
  "id": 0,
  "created_time": "2022-09-03T04:02:58.236Z",
  "updated_time": "2022-09-03T04:02:58.236Z",
  "submission": {
    "source_code": "#include <stdio.h>\nint main() { printf(\"Hello World!\\n\"); return 0; }",
    "language": "C",
    "user_id": 0,
    "contest_id": 0,
    "problem_id": 0
  },
  "state": "Finished",
  "result": "Accepted",
  "score": 100.0,
  "cases": [
    {
      "id": 0,
      "result": "Compilation Success",
      "time": 0,
      "memory": 0,
      "info": ""
    },
    {
      "id": 1,
      "result": "Accepted",
      "time": 0,
      "memory": 0,
      "info": ""
    }
  ]
}
{
  "id": 0,
  "created_time": "2022-09-03T04:02:58.794Z",
  "updated_time": "2022-09-03T04:02:58.794Z",
  "submission": {
    "source_code": "#include <iostream>\nint main() { std::cout<<\"Hello World!\"<<std::endl; return 0; }",
    "language": "C++",
    "user_id": 0,
    "contest_id": 0,
    "problem_id": 0
  },
  "state": "Finished",
  "result": "Accepted",
  "score": 100.0,
  "cases": [
    {
      "id": 0,
      "result": "Compilation Success",
      "time": 0,
      "memory": 0,
      "info": ""
    },
    {
      "id": 1,
      "result": "Accepted",
      "time": 0,
      "memory": 0,
      "info": ""
    }
  ]
}
