[2022-09-03T07:22:42Z INFO  actix_server::builder] Starting 2 workers
[2022-09-03T07:22:42Z INFO  actix_server::server] Actix runtime found; starting in Actix runtime
[2022-09-03T07:22:43Z INFO  actix_web::middleware::logger] 127.0.0.1 "GET / HTTP/1.1" 404 0 "-" "-" 0.000298
[2022-09-03T07:22:43Z INFO  post_jobs_handler] Post jobs
[2022-09-03T07:22:44Z INFO  post_jobs_handler] job run success
[2022-09-03T07:22:44Z INFO  actix_web::middleware::logger] 127.0.0.1 "POST /jobs HTTP/1.1" 200 1186 "-" "-" 0.374213
[2022-09-03T07:22:44Z INFO  post_jobs_handler] Post jobs
[2022-09-03T07:22:44Z INFO  post_jobs_handler] job run success
[2022-09-03T07:22:44Z INFO  actix_web::middleware::logger] 127.0.0.1 "POST /jobs HTTP/1.1" 200 1171 "-" "-" 0.556495
[2022-09-03T07:22:44Z INFO  post_jobs_handler] Post jobs
[2022-09-03T07:22:44Z INFO  post_jobs_handler] job run success
[2022-09-03T07:22:44Z INFO  actix_web::middleware::logger] 127.0.0.1 "POST /jobs HTTP/1.1" 200 446 "-" "-" 0.044568
[2022-09-03T07:22:44Z INFO  actix_web::middleware::logger] 127.0.0.1 "GET /jobs?result=Accepted HTTP/1.1" 200 2807 "-" "-" 0.000696
[2022-09-03T07:22:44Z INFO  actix_web::middleware::logger] 127.0.0.1 "GET /jobs?problem_id=0&state=Finished HTTP/1.1" 200 448 "-" "-" 0.000427
[2022-09-03T07:22:44Z INFO  actix_web::middleware::logger] 127.0.0.1 "GET /jobs?problem_id=0&state=Finished HTTP/1.1" 200 448 "-" "-" 0.000357
[2022-09-03T07:22:44Z INFO  actix_web::middleware::logger] 127.0.0.1 "GET /jobs?language=C HTTP/1.1" 200 448 "-" "-" 0.000324
[2022-09-03T07:22:44Z INFO  actix_web::middleware::logger] 127.0.0.1 "GET /jobs/2 HTTP/1.1" 200 446 "-" "-" 0.000356
[2022-09-03T07:22:44Z INFO  actix_web::middleware::logger] 127.0.0.1 "GET /jobs/0 HTTP/1.1" 200 1186 "-" "-" 0.000357
