[2022-09-03T07:22:45Z INFO  actix_server::builder] Starting 2 workers
[2022-09-03T07:22:45Z INFO  actix_server::server] Actix runtime found; starting in Actix runtime
[2022-09-03T07:22:46Z INFO  actix_web::middleware::logger] 127.0.0.1 "GET / HTTP/1.1" 404 0 "-" "-" 0.000317
[2022-09-03T07:22:46Z INFO  actix_web::middleware::logger] 127.0.0.1 "PUT /jobs/0 HTTP/1.1" 404 35 "-" "-" 0.000325
[2022-09-03T07:22:46Z INFO  post_jobs_handler] Post jobs
[2022-09-03T07:22:47Z INFO  post_jobs_handler] job run success
[2022-09-03T07:22:47Z INFO  actix_web::middleware::logger] 127.0.0.1 "POST /jobs HTTP/1.1" 200 1186 "-" "-" 0.383748
[2022-09-03T07:22:47Z INFO  post_jobs_handler] Post jobs
[2022-09-03T07:22:47Z INFO  post_jobs_handler] job run success
[2022-09-03T07:22:47Z INFO  actix_web::middleware::logger] 127.0.0.1 "POST /jobs HTTP/1.1" 200 446 "-" "-" 0.044909
[2022-09-03T07:22:47Z INFO  actix_web::middleware::logger] 127.0.0.1 "PUT /jobs/0 HTTP/1.1" 200 1186 "-" "-" 0.388023
[2022-09-03T07:22:47Z INFO  actix_web::middleware::logger] 127.0.0.1 "PUT /jobs/1 HTTP/1.1" 200 446 "-" "-" 0.044267
[2022-09-03T07:22:47Z INFO  actix_web::middleware::logger] 127.0.0.1 "PUT /jobs/2 HTTP/1.1" 404 35 "-" "-" 0.000352
