{
  "id": 0,
  "created_time": "2022-09-03T04:16:07.332Z",
  "updated_time": "2022-09-03T04:16:07.332Z",
  "submission": {
    "source_code": "fn main() {let mut line1 = String::new();std::io::stdin().read_line(&mut line1).unwrap();let a: i32 = line1.trim().parse().unwrap();let mut line2 = String::new();std::io::stdin().read_line(&mut line2).unwrap();let b: i32 = line2.trim().parse().unwrap();println!(\"{}\", a + b);}",
    "language": "Rust",
    "user_id": 0,
    "contest_id": 0,
    "problem_id": 1
  },
  "state": "Finished",
  "result": "Accepted",
  "score": 100.0,
  "cases": [
    {
      "id": 0,
      "result": "Compilation Success",
      "time": 0,
      "memory": 0,
      "info": ""
    },
    {
      "id": 1,
      "result": "Accepted",
      "time": 0,
      "memory": 0,
      "info": ""
    },
    {
      "id": 2,
      "result": "Accepted",
      "time": 0,
      "memory": 0,
      "info": ""
    },
    {
      "id": 3,
      "result": "Accepted",
      "time": 0,
      "memory": 0,
      "info": ""
    },
    {
      "id": 4,
      "result": "Accepted",
      "time": 0,
      "memory": 0,
      "info": ""
    },
    {
      "id": 5,
      "result": "Accepted",
      "time": 0,
      "memory": 0,
      "info": ""
    },
    {
      "id": 6,
      "result": "Accepted",
      "time": 0,
      "memory": 0,
      "info": ""
    },
    {
      "id": 7,
      "result": "Accepted",
      "time": 0,
      "memory": 0,
      "info": ""
    },
    {
      "id": 8,
      "result": "Accepted",
      "time": 0,
      "memory": 0,
      "info": ""
    },
    {
      "id": 9,
      "result": "Accepted",
      "time": 0,
      "memory": 0,
      "info": ""
    },
    {
      "id": 10,
      "result": "Accepted",
      "time": 0,
      "memory": 0,
      "info": ""
    }
  ]
}
{
  "id": 1,
  "created_time": "2022-09-03T04:16:07.727Z",
  "updated_time": "2022-09-03T04:16:07.727Z",
  "submission": {
    "source_code": "#include <stdio.h>\nint main() { printf(\"Hello World!\\n\"); return 0; }",
    "language": "C",
    "user_id": 0,
    "contest_id": 0,
    "problem_id": 0
  },
  "state": "Finished",
  "result": "Accepted",
  "score": 100.0,
  "cases": [
    {
      "id": 0,
      "result": "Compilation Success",
      "time": 0,
      "memory": 0,
      "info": ""
    },
    {
      "id": 1,
      "result": "Accepted",
      "time": 0,
      "memory": 0,
      "info": ""
    }
  ]
}
