[2022-09-03T05:08:22Z INFO  actix_server::builder] Starting 2 workers
[2022-09-03T05:08:22Z INFO  actix_server::server] Actix runtime found; starting in Actix runtime
[2022-09-03T05:08:23Z INFO  actix_web::middleware::logger] 127.0.0.1 "GET / HTTP/1.1" 404 0 "-" "-" 0.000299
[2022-09-03T05:08:23Z INFO  actix_web::middleware::logger] 127.0.0.1 "GET /jobs HTTP/1.1" 200 2 "-" "-" 0.000231
[2022-09-03T05:08:23Z INFO  post_jobs_handler] Post jobs
[2022-09-03T05:08:24Z INFO  post_jobs_handler] job run success
[2022-09-03T05:08:24Z INFO  actix_web::middleware::logger] 127.0.0.1 "POST /jobs HTTP/1.1" 200 1186 "-" "-" 0.423737
[2022-09-03T05:08:24Z INFO  post_jobs_handler] Post jobs
[2022-09-03T05:08:25Z INFO  post_jobs_handler] job run success
[2022-09-03T05:08:25Z INFO  actix_web::middleware::logger] 127.0.0.1 "POST /jobs HTTP/1.1" 200 1171 "-" "-" 0.596703
[2022-09-03T05:08:25Z INFO  post_jobs_handler] Post jobs
[2022-09-03T05:08:25Z INFO  post_jobs_handler] job run success
[2022-09-03T05:08:25Z INFO  actix_web::middleware::logger] 127.0.0.1 "POST /jobs HTTP/1.1" 200 417 "-" "-" 0.340458
[2022-09-03T05:08:25Z INFO  actix_web::middleware::logger] 127.0.0.1 "GET /jobs HTTP/1.1" 200 2778 "-" "-" 0.000688
